[ec2-user@ip-172-31-35-183 ~]$ sudo su -
[root@ip-172-31-35-183 ~]# hostnamectl set-hostname git-server.example.com
[root@ip-172-31-35-183 ~]# bash
[root@git-server ~]# hostname
git-server.example.com
[root@git-server ~]# ip a s
1: lo: <LOOPBACK,UP,LOWER_UP> mtu 65536 qdisc noqueue state UNKNOWN group default qlen 1000
    link/loopback 00:00:00:00:00:00 brd 00:00:00:00:00:00
    inet 127.0.0.1/8 scope host lo
       valid_lft forever preferred_lft forever
    inet6 ::1/128 scope host noprefixroute
       valid_lft forever preferred_lft forever
2: enX0: <BROADCAST,MULTICAST,UP,LOWER_UP> mtu 9001 qdisc fq_codel state UP group default qlen 1000
    link/ether 0e:16:17:d3:33:33 brd ff:ff:ff:ff:ff:ff
    altname eni-06f816408a7196a8f
    altname device-number-0.0
    inet 172.31.35.183/20 metric 512 brd 172.31.47.255 scope global dynamic enX0
       valid_lft 3233sec preferred_lft 3233sec
    inet6 fe80::c16:17ff:fed3:3333/64 scope link proto kernel_ll
       valid_lft forever preferred_lft forever
[root@git-server ~]# vim etc

[1]+  Stopped                 vim etc
[1]+  Stopped                 vim etc
[root@git-server ~]# vim /etc/hosts

[2]+  Stopped                 vim /etc/hosts
[root@git-server ~]# vim /etc/hosts
[root@git-server ~]#
[root@git-server ~]# vim /etc/hosts
[root@git-server ~]#  written
[root@git-server ~]# ping git-server.example.com
PING git-server.example.com (172.31.35.183) 56(84) bytes of data.                                        ^Z
64 bytes from git-server.example.com (172.31.35.183): icmp_seq=1 ttl=127 time=0.063 ms
64 bytes from git-server.example.com (172.31.35.183): icmp_seq=2 ttl=127 time=0.026 ms
64 bytes from git-server.example.com (172.31.35.183): icmp_seq=3 ttl=127 time=0.028 ms
64 bytes from git-server.example.com (172.31.35.183): icmp_seq=4 ttl=127 time=0.027 ms
64 bytes from git-server.example.com (172.31.35.183): icmp_seq=5 ttl=127 time=0.028 ms
64 bytes from git-server.example.com (172.31.35.183): icmp_seq=6 ttl=127 time=0.026 ms
64 bytes from git-server.example.com (172.31.35.183): icmp_seq=7 ttl=127 time=0.028 ms
64 bytes from git-server.example.com (172.31.35.183): icmp_seq=8 ttl=127 time=0.030 ms
64 bytes from git-server.example.com (172.31.35.183): icmp_seq=9 ttl=127 time=0.030 ms
64 bytes from git-server.example.com (172.31.35.183): icmp_seq=10 ttl=127 time=0.028 ms
64 bytes from git-server.example.com (172.31.35.183): icmp_seq=11 ttl=127 time=0.028 ms
64 bytes from git-server.example.com (172.31.35.183): icmp_seq=12 ttl=127 time=0.044 ms
64 bytes from git-server.example.com (172.31.35.183): icmp_seq=13 ttl=127 time=0.027 ms
64 bytes from git-server.example.com (172.31.35.183): icmp_seq=14 ttl=127 time=0.034 ms
64 bytes from git-server.example.com (172.31.35.183): icmp_seq=15 ttl=127 time=0.039 ms
64 bytes from git-server.example.com (172.31.35.183): icmp_seq=16 ttl=127 time=0.030 ms
64 bytes from git-server.example.com (172.31.35.183): icmp_seq=17 ttl=127 time=0.031 ms
64 bytes from git-server.example.com (172.31.35.183): icmp_seq=18 ttl=127 time=0.033 ms
64 bytes from git-server.example.com (172.31.35.183): icmp_seq=19 ttl=127 time=0.026 ms
64 bytes from git-server.example.com (172.31.35.183): icmp_seq=20 ttl=127 time=0.027 ms
64 bytes from git-server.example.com (172.31.35.183): icmp_seq=21 ttl=127 time=0.032 ms
64 bytes from git-server.example.com (172.31.35.183): icmp_seq=22 ttl=127 time=0.028 ms
64 bytes from git-server.example.com (172.31.35.183): icmp_seq=23 ttl=127 time=0.028 ms
64 bytes from git-server.example.com (172.31.35.183): icmp_seq=24 ttl=127 time=0.027 ms
64 bytes from git-server.example.com (172.31.35.183): icmp_seq=25 ttl=127 time=0.028 ms
64 bytes from git-server.example.com (172.31.35.183): icmp_seq=26 ttl=127 time=0.028 ms
64 bytes from git-server.example.com (172.31.35.183): icmp_seq=27 ttl=127 time=0.029 ms
64 bytes from git-server.example.com (172.31.35.183): icmp_seq=28 ttl=127 time=0.028 ms
64 bytes from git-server.example.com (172.31.35.183): icmp_seq=29 ttl=127 time=0.027 ms
64 bytes from git-server.example.com (172.31.35.183): icmp_seq=30 ttl=127 time=0.032 ms
64 bytes from git-server.example.com (172.31.35.183): icmp_seq=31 ttl=127 time=0.028 ms
64 bytes from git-server.example.com (172.31.35.183): icmp_seq=32 ttl=127 time=0.028 ms
64 bytes from git-server.example.com (172.31.35.183): icmp_seq=33 ttl=127 time=0.027 ms
64 bytes from git-server.example.com (172.31.35.183): icmp_seq=34 ttl=127 time=0.030 ms
64 bytes from git-server.example.com (172.31.35.183): icmp_seq=35 ttl=127 time=0.028 ms
64 bytes from git-server.example.com (172.31.35.183): icmp_seq=36 ttl=127 time=0.026 ms
64 bytes from git-server.example.com (172.31.35.183): icmp_seq=37 ttl=127 time=0.031 ms
64 bytes from git-server.example.com (172.31.35.183): icmp_seq=38 ttl=127 time=0.027 ms
64 bytes from git-server.example.com (172.31.35.183): icmp_seq=39 ttl=127 time=0.029 ms
64 bytes from git-server.example.com (172.31.35.183): icmp_seq=40 ttl=127 time=0.029 ms
64 bytes from git-server.example.com (172.31.35.183): icmp_seq=41 ttl=127 time=0.029 ms
64 bytes from git-server.example.com (172.31.35.183): icmp_seq=42 ttl=127 time=0.033 ms
64 bytes from git-server.example.com (172.31.35.183): icmp_seq=43 ttl=127 time=0.026 ms
64 bytes from git-server.example.com (172.31.35.183): icmp_seq=44 ttl=127 time=0.027 ms
64 bytes from git-server.example.com (172.31.35.183): icmp_seq=45 ttl=127 time=0.029 ms
64 bytes from git-server.example.com (172.31.35.183): icmp_seq=46 ttl=127 time=0.027 ms
64 bytes from git-server.example.com (172.31.35.183): icmp_seq=47 ttl=127 time=0.028 ms
64 bytes from git-server.example.com (172.31.35.183): icmp_seq=48 ttl=127 time=0.027 ms
64 bytes from git-server.example.com (172.31.35.183): icmp_seq=49 ttl=127 time=0.028 ms
64 bytes from git-server.example.com (172.31.35.183): icmp_seq=50 ttl=127 time=0.028 ms
64 bytes from git-server.example.com (172.31.35.183): icmp_seq=51 ttl=127 time=0.029 ms
64 bytes from git-server.example.com (172.31.35.183): icmp_seq=52 ttl=127 time=0.028 ms
64 bytes from git-server.example.com (172.31.35.183): icmp_seq=53 ttl=127 time=0.037 ms
64 bytes from git-server.example.com (172.31.35.183): icmp_seq=54 ttl=127 time=0.028 ms
64 bytes from git-server.example.com (172.31.35.183): icmp_seq=55 ttl=127 time=0.026 ms
64 bytes from git-server.example.com (172.31.35.183): icmp_seq=56 ttl=127 time=0.034 ms
64 bytes from git-server.example.com (172.31.35.183): icmp_seq=57 ttl=127 time=0.027 ms
64 bytes from git-server.example.com (172.31.35.183): icmp_seq=58 ttl=127 time=0.026 ms
64 bytes from git-server.example.com (172.31.35.183): icmp_seq=59 ttl=127 time=0.027 ms
64 bytes from git-server.example.com (172.31.35.183): icmp_seq=60 ttl=127 time=0.027 ms
64 bytes from git-server.example.com (172.31.35.183): icmp_seq=61 ttl=127 time=0.028 ms
64 bytes from git-server.example.com (172.31.35.183): icmp_seq=62 ttl=127 time=0.036 ms
64 bytes from git-server.example.com (172.31.35.183): icmp_seq=63 ttl=127 time=0.027 ms
64 bytes from git-server.example.com (172.31.35.183): icmp_seq=64 ttl=127 time=0.026 ms
64 bytes from git-server.example.com (172.31.35.183): icmp_seq=65 ttl=127 time=0.027 ms
64 bytes from git-server.example.com (172.31.35.183): icmp_seq=66 ttl=127 time=0.027 ms
64 bytes from git-server.example.com (172.31.35.183): icmp_seq=67 ttl=127 time=0.036 ms
64 bytes from git-server.example.com (172.31.35.183): icmp_seq=68 ttl=127 time=0.027 ms
64 bytes from git-server.example.com (172.31.35.183): icmp_seq=69 ttl=127 time=0.028 ms
64 bytes from git-server.example.com (172.31.35.183): icmp_seq=70 ttl=127 time=0.032 ms
64 bytes from git-server.example.com (172.31.35.183): icmp_seq=71 ttl=127 time=0.028 ms
64 bytes from git-server.example.com (172.31.35.183): icmp_seq=72 ttl=127 time=0.028 ms
64 bytes from git-server.example.com (172.31.35.183): icmp_seq=73 ttl=127 time=0.030 ms
64 bytes from git-server.example.com (172.31.35.183): icmp_seq=74 ttl=127 time=0.027 ms
64 bytes from git-server.example.com (172.31.35.183): icmp_seq=75 ttl=127 time=0.027 ms
64 bytes from git-server.example.com (172.31.35.183): icmp_seq=76 ttl=127 time=0.027 ms
64 bytes from git-server.example.com (172.31.35.183): icmp_seq=77 ttl=127 time=0.027 ms
64 bytes from git-server.example.com (172.31.35.183): icmp_seq=78 ttl=127 time=0.027 ms
64 bytes from git-server.example.com (172.31.35.183): icmp_seq=79 ttl=127 time=0.027 ms
64 bytes from git-server.example.com (172.31.35.183): icmp_seq=80 ttl=127 time=0.027 ms
^X64 bytes from git-server.example.com (172.31.35.183): icmp_seq=81 ttl=127 time=0.021 ms
64 bytes from git-server.example.com (172.31.35.183): icmp_seq=82 ttl=127 time=0.027 ms
64 bytes from git-server.example.com (172.31.35.183): icmp_seq=83 ttl=127 time=0.026 ms
64 bytes from git-server.example.com (172.31.35.183): icmp_seq=84 ttl=127 time=0.026 ms
64 bytes from git-server.example.com (172.31.35.183): icmp_seq=85 ttl=127 time=0.027 ms
64 bytes from git-server.example.com (172.31.35.183): icmp_seq=86 ttl=127 time=0.029 ms
64 bytes from git-server.example.com (172.31.35.183): icmp_seq=87 ttl=127 time=0.029 ms
64 bytes from git-server.example.com (172.31.35.183): icmp_seq=88 ttl=127 time=0.027 ms
64 bytes from git-server.example.com (172.31.35.183): icmp_seq=89 ttl=127 time=0.027 ms
^Z
[3]+  Stopped                 ping git-server.example.com
[root@git-server ~]# cat /etc/os-release
NAME="Amazon Linux"
VERSION="2023"
ID="amzn"
ID_LIKE="fedora"
VERSION_ID="2023"
PLATFORM_ID="platform:al2023"
PRETTY_NAME="Amazon Linux 2023.8.20250804"
ANSI_COLOR="0;33"
CPE_NAME="cpe:2.3:o:amazon:amazon_linux:2023"
HOME_URL="https://aws.amazon.com/linux/amazon-linux-2023/"
DOCUMENTATION_URL="https://docs.aws.amazon.com/linux/"
SUPPORT_URL="https://aws.amazon.com/premiumsupport/"
BUG_REPORT_URL="https://github.com/amazonlinux/amazon-linux-2023"
VENDOR_NAME="AWS"
VENDOR_URL="https://aws.amazon.com/"
SUPPORT_END="2029-06-30"
[root@git-server ~]# yum install git -y
Amazon Linux 2023 Kernel Livepatch repository                                                        182 kB/s |  19 kB     00:00
Dependencies resolved.
=====================================================================================================================================
 Package                          Architecture           Version                                   Repository                   Size
=====================================================================================================================================
Installing:
 git                              x86_64                 2.50.1-1.amzn2023.0.1                     amazonlinux                  53 k
Installing dependencies:
 git-core                         x86_64                 2.50.1-1.amzn2023.0.1                     amazonlinux                 4.9 M
 git-core-doc                     noarch                 2.50.1-1.amzn2023.0.1                     amazonlinux                 2.8 M
 perl-Error                       noarch                 1:0.17029-5.amzn2023.0.2                  amazonlinux                  41 k
 perl-File-Find                   noarch                 1.37-477.amzn2023.0.7                     amazonlinux                  25 k
 perl-Git                         noarch                 2.50.1-1.amzn2023.0.1                     amazonlinux                  41 k
 perl-TermReadKey                 x86_64                 2.38-9.amzn2023.0.2                       amazonlinux                  36 k
 perl-lib                         x86_64                 0.65-477.amzn2023.0.7                     amazonlinux                  15 k

Transaction Summary
=====================================================================================================================================
Install  8 Packages

Total download size: 7.9 M
Installed size: 41 M
Downloading Packages:
(1/8): git-2.50.1-1.amzn2023.0.1.x86_64.rpm                                                          1.5 MB/s |  53 kB     00:00
(2/8): perl-Error-0.17029-5.amzn2023.0.2.noarch.rpm                                                  1.9 MB/s |  41 kB     00:00
(3/8): perl-File-Find-1.37-477.amzn2023.0.7.noarch.rpm                                               1.1 MB/s |  25 kB     00:00
(4/8): git-core-doc-2.50.1-1.amzn2023.0.1.noarch.rpm                                                  27 MB/s | 2.8 MB     00:00
(5/8): perl-Git-2.50.1-1.amzn2023.0.1.noarch.rpm                                                     1.5 MB/s |  41 kB     00:00
(6/8): git-core-2.50.1-1.amzn2023.0.1.x86_64.rpm                                                      35 MB/s | 4.9 MB     00:00
(7/8): perl-TermReadKey-2.38-9.amzn2023.0.2.x86_64.rpm                                               910 kB/s |  36 kB     00:00
(8/8): perl-lib-0.65-477.amzn2023.0.7.x86_64.rpm                                                     393 kB/s |  15 kB     00:00
-------------------------------------------------------------------------------------------------------------------------------------
Total                                                                                                 46 MB/s | 7.9 MB     00:00
Running transaction check
Transaction check succeeded.
Running transaction test
Transaction test succeeded.
Running transaction
  Preparing        :                                                                                                             1/1
  Installing       : git-core-2.50.1-1.amzn2023.0.1.x86_64                                                                       1/8
  Installing       : git-core-doc-2.50.1-1.amzn2023.0.1.noarch                                                                   2/8
  Installing       : perl-lib-0.65-477.amzn2023.0.7.x86_64                                                                       3/8
  Installing       : perl-TermReadKey-2.38-9.amzn2023.0.2.x86_64                                                                 4/8
  Installing       : perl-File-Find-1.37-477.amzn2023.0.7.noarch                                                                 5/8
  Installing       : perl-Error-1:0.17029-5.amzn2023.0.2.noarch                                                                  6/8
  Installing       : perl-Git-2.50.1-1.amzn2023.0.1.noarch                                                                       7/8
  Installing       : git-2.50.1-1.amzn2023.0.1.x86_64                                                                            8/8
  Running scriptlet: git-2.50.1-1.amzn2023.0.1.x86_64                                                                            8/8
  Verifying        : git-2.50.1-1.amzn2023.0.1.x86_64                                                                            1/8
  Verifying        : git-core-2.50.1-1.amzn2023.0.1.x86_64                                                                       2/8
  Verifying        : git-core-doc-2.50.1-1.amzn2023.0.1.noarch                                                                   3/8
  Verifying        : perl-Error-1:0.17029-5.amzn2023.0.2.noarch                                                                  4/8
  Verifying        : perl-File-Find-1.37-477.amzn2023.0.7.noarch                                                                 5/8
  Verifying        : perl-Git-2.50.1-1.amzn2023.0.1.noarch                                                                       6/8
  Verifying        : perl-TermReadKey-2.38-9.amzn2023.0.2.x86_64                                                                 7/8
  Verifying        : perl-lib-0.65-477.amzn2023.0.7.x86_64                                                                       8/8

Installed:
  git-2.50.1-1.amzn2023.0.1.x86_64            git-core-2.50.1-1.amzn2023.0.1.x86_64       git-core-doc-2.50.1-1.amzn2023.0.1.noarch
  perl-Error-1:0.17029-5.amzn2023.0.2.noarch  perl-File-Find-1.37-477.amzn2023.0.7.noarch perl-Git-2.50.1-1.amzn2023.0.1.noarch
  perl-TermReadKey-2.38-9.amzn2023.0.2.x86_64 perl-lib-0.65-477.amzn2023.0.7.x86_64

Complete!
[root@git-server ~]# rpmquery git
git-2.50.1-1.amzn2023.0.1.x86_64
[root@git-server ~]# mkdir /code
[root@git-server ~]# cd /code
[root@git-server code]# ls -a
.  ..
[root@git-server code]# git init --bare
hint: Using 'master' as the name for the initial branch. This default branch name
hint: is subject to change. To configure the initial branch name to use in all
hint: of your new repositories, which will suppress this warning, call:
hint:
hint:   git config --global init.defaultBranch <name>
hint:
hint: Names commonly chosen instead of 'master' are 'main', 'trunk' and
hint: 'development'. The just-created branch can be renamed via this command:
hint:
hint:   git branch -m <name>
hint:
hint: Disable this message with "git config set advice.defaultBranchName false"
Initialized empty Git repository in /code/
[root@git-server code]# ls
HEAD  config  description  hooks  info  objects  refs
[root@git-server code]# ll
total 28
-rw-r--r--. 1 root root    23 Aug  6 06:40 HEAD
-rw-r--r--. 1 root root    66 Aug  6 06:40 config
-rw-r--r--. 1 root root    73 Aug  6 06:40 description
drwxr-xr-x. 2 root root 16384 Aug  6 06:40 hooks
drwxr-xr-x. 2 root root    21 Aug  6 06:40 info
drwxr-xr-x. 4 root root    30 Aug  6 06:40 objects
drwxr-xr-x. 4 root root    31 Aug  6 06:40 refs
[root@git-server code]# cd
[root@git-server ~]# passwd root
Changing password for user root.
New password:
BAD PASSWORD: The password is shorter than 8 characters
Retype new password:
passwd: all authentication tokens updated successfully.
[root@git-server ~]# vim /etc/ssh/sshd_config
[root@git-server ~]# systemctl restart sshd
[root@git-server ~]# systemctl enable sshd
[root@git-server ~]# ip a s
1: lo: <LOOPBACK,UP,LOWER_UP> mtu 65536 qdisc noqueue state UNKNOWN group default qlen 1000
    link/loopback 00:00:00:00:00:00 brd 00:00:00:00:00:00
    inet 127.0.0.1/8 scope host lo
       valid_lft forever preferred_lft forever
    inet6 ::1/128 scope host noprefixroute
       valid_lft forever preferred_lft forever
2: enX0: <BROADCAST,MULTICAST,UP,LOWER_UP> mtu 9001 qdisc fq_codel state UP group default qlen 1000
    link/ether 0e:16:17:d3:33:33 brd ff:ff:ff:ff:ff:ff
    altname eni-06f816408a7196a8f
    altname device-number-0.0
    inet 172.31.35.183/20 metric 512 brd 172.31.47.255 scope global dynamic enX0
       valid_lft 2786sec preferred_lft 2786sec
    inet6 fe80::c16:17ff:fed3:3333/64 scope link proto kernel_ll
       valid_lft forever preferred_lft forever
[root@git-server ~]# cd .ssh/
[root@git-server .ssh]# cat .ssh/
cat: .ssh/: No such file or directory
[root@git-server .ssh]# cat authorized_keys
no-port-forwarding,no-agent-forwarding,no-X11-forwarding,command="echo 'Please login as the user \"ec2-user\" rather than the user \"root\".';echo;sleep 10;exit 142" ssh-rsa AAAAB3NzaC1yc2EAAAADAQABAAABAQDEFmCoc54r8d3RQvJ0uvn80vkDOa/zPynBg+kBhU3L4hP4jEmm6bf5eeninEGnraW3KkrY7U6MEWS2qACmj0tkx4+TK5qK9CpMgh7CG7ghIvdhkBPRrvEoU+/N9xvNvxt7hF4c61su3nUlUJcj7ISagGwbXa4YG7ezJn1BfWMs0N24G68tcN9r4lDcCYAfL352G/wdoqqVPsfgsSAgvaCzzWGHRLBvBbeYBufc0EnUwPjnm1SOnxe8CmgG1aW9hGCIaAm5yi7O1T/LS++2tGkgptqWpG8lS+HT0hJU7BIXyeMXVJ+7NFv4baZBcQ8OhsSALtIGdM+ZnoH8ZRWN6Acb ishan1
ssh-rsa AAAAB3NzaC1yc2EAAAADAQABAAABgQCsSdGY3EJaOdBLrxdkkr4kD7s2AzYtvRWHQZANZ/3atEcrIuRTdQFvWT5kQrsP100kD+R8BLsd5parTT615C1O5502dh6mvlLQbY3Dx0tdZ0QemD069P5wBa+FTYmy1oECT8WEHVrNNm6c1lJWXC3gmP/1LWfRA8zoxyi2KObHNl/VP7rl3vTn7JCDlbfEV3WtnhXiAq7Dh60OtCeuaHiTo/0WJsJcCWa0fW9YdMGHypmKxekck6K6ohoumJcKyGYC+1OcnQcF4T+9RE+2jpBr7+tR3xGSZF/Z1oY03Jyx8JGeqaV883w7u6Isey1qbH3YHtMEESoKaGBWTmByxozvEKpCU6ZdZayf4Nc7EWOn8G5SqIsO0T2PS4oHqSrdufsyDib0QHxZmggDCwiwyKEtO5PNAVS3mfkLqPwGr2H0CClBmwZCUiF4YjGKziK+M1AO/69UHJ3PlrprLEPrzdjh7RPbnjGUpTRfnWyI/jzgf0c+YBdB0ka9aTxlICocQq8= root@dev-one-server.example.com
ssh-rsa AAAAB3NzaC1yc2EAAAADAQABAAABgQDUw76EqG5GgztU/JFjD/fxslIQUoeFVhW4wT+f1/BL10hzi9E+hWbY4bLLd9X8/9fDdHpf3YdnT0mGT2XqmjgrHMpaeverBTrobVPcPtR96o4LqDs0NMN9NkXxdHFx2WWmI1NPVgxaRDeWV97djyHW3HjKaO0vL3CPzDQ4YceemU285XBVVggzBG7sxKyGefBJZcsXVY3A+WQsQbKvCyVgVTSiDthG9pK8zocEkLYIBa2+N6nN0PY7qohdhcQSoTHOFR5UQ0XbXz5/3MvQanYEWmzXKEFMUrBM/q6hwHhJXSW1waqdlzLrD3afiZzusy0/Jr12Yj2iRVFIAc/W8wsICpA1xo3oAHIRZS3/plVa540NhhORocaVCTJAwJn1Nvf5J7aF84HhBw03LUQ5Pp7QqrvYrr/TS5CuFt06oU24DnKLOIcicBNMFt6lkwIX/pR5Ww0G52QzcofqDSWZeHrN8rKFW1Vkz9TNadXxnF4IEhfEodW/rUtbQB8GyKo5BIE= root@dev-two-server.example.com
[root@git-server .ssh]# client_loop: send disconnect: Connection reset
PS C:\Users\10840056\Downloads>
PS C:\Users\10840056\Downloads>
PS C:\Users\10840056\Downloads>
PS C:\Users\10840056\Downloads>
PS C:\Users\10840056\Downloads>
PS C:\Users\10840056\Downloads>
PS C:\Users\10840056\Downloads>
PS C:\Users\10840056\Downloads> vim /etc/ssh/sshd_config
vim : The term 'vim' is not recognized as the name of a cmdlet, function, script file, or operable program. Check the spelling of
the name, or if a path was included, verify that the path is correct and try again.
At line:1 char:1
+ vim /etc/ssh/sshd_config
+ ~~~
    + CategoryInfo          : ObjectNotFound: (vim:String) [], CommandNotFoundException
    + FullyQualifiedErrorId : CommandNotFoundException

PS C:\Users\10840056\Downloads> [root@git-server ~]# systemctl restart sshd
At line:1 char:5
+ [root@git-server ~]# systemctl restart sshd
+     ~
Missing ] at end of attribute or type literal.
At line:1 char:10
+ [root@git-server ~]# systemctl restart sshd
+          ~~~~~~~
Unexpected token '-server' in expression or statement.
At line:1 char:18
+ [root@git-server ~]# systemctl restart sshd
+                  ~~~
Unexpected token '~]#' in expression or statement.
At line:1 char:6
+ [root@git-server ~]# systemctl restart sshd
+      ~~~~
The splatting operator '@' cannot be used to reference variables in an expression. '@git' can be used only as an argument to a
command. To reference variables in an expression use '$git'.
    + CategoryInfo          : ParserError: (:) [], ParentContainsErrorRecordException
    + FullyQualifiedErrorId : EndSquareBracketExpectedAtEndOfAttribute

PS C:\Users\10840056\Downloads> ssh -i "ishan1.pem" ec2-user@ec2-54-224-142-92.compute-1.amazonaws.com
The authenticity of host 'ec2-54-224-142-92.compute-1.amazonaws.com (54.224.142.92)' can't be established.
ED25519 key fingerprint is SHA256:acOd9Z5/GdfAaG7+by7sZMU/KYAvnyvVLIVvATX6ZBY.
This host key is known by the following other names/addresses:
    C:\Users\10840056/.ssh/known_hosts:3: ec2-54-89-20-123.compute-1.amazonaws.com
Are you sure you want to continue connecting (yes/no/[fingerprint])? yes
Warning: Permanently added 'ec2-54-224-142-92.compute-1.amazonaws.com' (ED25519) to the list of known hosts.
   ,     #_
   ~\_  ####_        Amazon Linux 2023
  ~~  \_#####\
  ~~     \###|
  ~~       \#/ ___   https://aws.amazon.com/linux/amazon-linux-2023
   ~~       V~' '->
    ~~~         /
      ~~._.   _/
         _/ _/
       _/m/'
Last login: Wed Aug  6 06:05:44 2025 from 103.244.155.144
[ec2-user@git-server ~]$ sudo su -
Last login: Wed Aug  6 06:13:10 UTC 2025 on pts/1
[root@git-server ~]# client_loop: send disconnect: Connection reset
PS C:\Users\10840056\Downloads>  ssh -i "ishan1.pem" ec2-user@ec2-54-224-142-92.compute-1.amazonaws.com
   ,     #_
   ~\_  ####_        Amazon Linux 2023
  ~~  \_#####\
  ~~     \###|
  ~~       \#/ ___   https://aws.amazon.com/linux/amazon-linux-2023
   ~~       V~' '->
    ~~~         /
      ~~._.   _/
         _/ _/
       _/m/'
Last login: Wed Aug  6 08:45:18 2025 from 103.244.155.144
[ec2-user@git-server ~]$ sudo su -
Last login: Wed Aug  6 08:47:18 UTC 2025 on pts/1
[root@git-server ~]# ip a s
1: lo: <LOOPBACK,UP,LOWER_UP> mtu 65536 qdisc noqueue state UNKNOWN group default qlen 1000
    link/loopback 00:00:00:00:00:00 brd 00:00:00:00:00:00
    inet 127.0.0.1/8 scope host lo
       valid_lft forever preferred_lft forever
    inet6 ::1/128 scope host noprefixroute
       valid_lft forever preferred_lft forever
2: enX0: <BROADCAST,MULTICAST,UP,LOWER_UP> mtu 9001 qdisc fq_codel state UP group default qlen 1000
    link/ether 0e:16:17:d3:33:33 brd ff:ff:ff:ff:ff:ff
    altname eni-06f816408a7196a8f
    altname device-number-0.0
    inet 172.31.35.183/20 metric 512 brd 172.31.47.255 scope global dynamic enX0
       valid_lft 3300sec preferred_lft 3300sec
    inet6 fe80::c16:17ff:fed3:3333/64 scope link proto kernel_ll
       valid_lft forever preferred_lft forever
[root@git-server ~]# ls
[root@git-server ~]# cd ..
[root@git-server /]# ls
bin  boot  code  dev  etc  home  lib  lib64  local  media  mnt  opt  proc  root  run  sbin  srv  sys  tmp  usr  var
[root@git-server /]# cd /cod
-bash: cd: /cod: No such file or directory
[root@git-server /]# cd /code
[root@git-server code]# ls
HEAD  config  description  hooks  info  objects  refs
[root@git-server code]# ls
HEAD  config  description  hooks  info  objects  refs
[root@git-server code]# cd code
-bash: cd: code: No such file or directory
[root@git-server code]# cd ..
[root@git-server /]# ls
bin  boot  code  dev  etc  home  lib  lib64  local  media  mnt  opt  proc  root  run  sbin  srv  sys  tmp  usr  var
[root@git-server /]# cd code
[root@git-server code]# ls
HEAD  config  description  hooks  info  objects  refs
[root@git-server code]# cd refs/
[root@git-server refs]# ll
total 0
drwxr-xr-x. 2 root root 20 Aug  6 10:07 heads
drwxr-xr-x. 2 root root  6 Aug  6 06:40 tags
[root@git-server refs]# cd heads/
[root@git-server heads]# ll
total 4
-rw-r--r--. 1 root root 41 Aug  6 10:07 master
[root@git-server heads]# cat master
b91c7cd3aa2ae87729c7d17e12d06c448343b32e
[root@git-server heads]# cd master
-bash: cd: master: Not a directory
[root@git-server heads]# client_loop: send disconnect: Connection reset
PS C:\Users\10840056\Downloads> history

  Id CommandLine
  -- -----------
   1 ssh -i "ishan1.pem" ec2-user@ec2-54-89-20-123.compute-1.amazonaws.com
   2 ssh -i "ishan1.pem" ec2-user@ec2-54-89-20-123.compute-1.amazonaws.com
   3 clear
   4 ssh -i "ishan1.pem" ec2-user@ec2-54-89-20-123.compute-1.amazonaws.com
   5 ssh -i "ishan1.pem" ec2-user@ec2-54-89-20-123.compute-1.amazonaws.com
   6 clear
   7 ssh -i "ishan1.pem" ec2-user@ec2-54-89-20-123.compute-1.amazonaws.com
   8 ssh -i "ishan1.pem" ec2-user@ec2-54-89-20-123.compute-1.amazonaws.com
   9 vim /etc/ssh/sshd_config
  10 [root@git-server ~]# systemctl restart sshd
  11 ssh -i "ishan1.pem" ec2-user@ec2-54-224-142-92.compute-1.amazonaws.com
  12  ssh -i "ishan1.pem" ec2-user@ec2-54-224-142-92.compute-1.amazonaws.com


PS C:\Users\10840056\Downloads>